
> dev
> slidev --open --remote --force --port 3000

/home/kavia/workspace/code-generation/slidev-guide-mastering-markdown-slides-36030-bf07a4c3/slidev_guide/node_modules/yaml/dist/compose/composer.js:70
                this.errors.push(new errors.YAMLParseError(pos, code, message));
                                 ^

YAMLParseError: Nested mappings are not allowed in compact mappings at line 1, column 8:

title: Slidev Guide: Mastering Markdown Slides
       ^

    at Composer.onError (/home/kavia/workspace/code-generation/slidev-guide-mastering-markdown-slides-36030-bf07a4c3/slidev_guide/node_modules/yaml/dist/compose/composer.js:70:34)
    at Object.resolveBlockMap (/home/kavia/workspace/code-generation/slidev-guide-mastering-markdown-slides-36030-bf07a4c3/slidev_guide/node_modules/yaml/dist/compose/resolve-block-map.js:78:21)
    at resolveCollection (/home/kavia/workspace/code-generation/slidev-guide-mastering-markdown-slides-36030-bf07a4c3/slidev_guide/node_modules/yaml/dist/compose/compose-collection.js:13:27)
    at Object.composeCollection (/home/kavia/workspace/code-generation/slidev-guide-mastering-markdown-slides-36030-bf07a4c3/slidev_guide/node_modules/yaml/dist/compose/compose-collection.js:59:16)
    at Object.composeNode (/home/kavia/workspace/code-generation/slidev-guide-mastering-markdown-slides-36030-bf07a4c3/slidev_guide/node_modules/yaml/dist/compose/compose-node.js:33:38)
    at Object.composeDoc (/home/kavia/workspace/code-generation/slidev-guide-mastering-markdown-slides-36030-bf07a4c3/slidev_guide/node_modules/yaml/dist/compose/compose-doc.js:35:23)
    at Composer.next (/home/kavia/workspace/code-generation/slidev-guide-mastering-markdown-slides-36030-bf07a4c3/slidev_guide/node_modules/yaml/dist/compose/composer.js:150:40)
    at next (<anonymous>)
    at Composer.compose (/home/kavia/workspace/code-generation/slidev-guide-mastering-markdown-slides-36030-bf07a4c3/slidev_guide/node_modules/yaml/dist/compose/composer.js:132:25)
    at compose.next (<anonymous>) {
  code: 'BLOCK_AS_IMPLICIT_KEY',
  pos: [ 7, 8 ],
  linePos: [ { line: 1, col: 8 }, { line: 1, col: 9 } ]
}

Node.js v18.19.1
